

================================================================
== Synthesis Summary Report of 'lenet5'
================================================================
+ General Information: 
    * Date:           Tue Aug  8 21:40:10 2023
    * Version:        2020.2 (Build 3064766 on Wed Nov 18 09:12:45 MST 2020)
    * Project:        LeNet5_hls_proj
    * Solution:       solution1 (Vivado IP Flow Target)
    * Product family: zynq
    * Target device:  xc7z100-ffg900-2
    

+ Performance & Resource Estimates: 
    
    PS: '+' for module; 'o' for loop; '*' for dataflow
    +-----------------------------------------------------+--------+-------+---------+-----------+----------+---------+------+----------+----------+---------+------------+------------+-----+
    |                       Modules                       |  Issue |       | Latency |  Latency  | Iteration|         | Trip |          |          |         |            |            |     |
    |                       & Loops                       |  Type  | Slack | (cycles)|    (ns)   |  Latency | Interval| Count| Pipelined|   BRAM   |   DSP   |     FF     |     LUT    | URAM|
    +-----------------------------------------------------+--------+-------+---------+-----------+----------+---------+------+----------+----------+---------+------------+------------+-----+
    |+ lenet5                                             |  Timing|   2.60|  1440328|  1.440e+07|         -|  1440329|     -|        no|  120 (7%)|  5 (~0%)|  15364 (2%)|  17116 (6%)|    -|
    | o VITIS_LOOP_32_1_VITIS_LOOP_33_2_VITIS_LOOP_34_3   |      II|  -7.30|   470136|  4.701e+06|       172|       51|  9216|       yes|         -|        -|           -|           -|    -|
    | o VITIS_LOOP_25_1_VITIS_LOOP_26_2_VITIS_LOOP_27_3   |       -|  -7.30|     2313|  2.313e+04|        11|        1|  2304|       yes|         -|        -|           -|           -|    -|
    | o VITIS_LOOP_68_1_VITIS_LOOP_69_2_VITIS_LOOP_70_3   |       -|  -7.30|   890880|  8.909e+06|       435|        -|  2048|        no|         -|        -|           -|           -|    -|
    |  o VITIS_LOOP_73_4_VITIS_LOOP_74_5_VITIS_LOOP_78_6  |       -|  -7.30|      417|  4.170e+03|        19|        1|   400|       yes|         -|        -|           -|           -|    -|
    | o VITIS_LOOP_47_1_VITIS_LOOP_48_2_VITIS_LOOP_49_3   |       -|  -7.30|      520|  5.200e+03|        10|        1|   512|       yes|         -|        -|           -|           -|    -|
    | o VITIS_LOOP_21_1                                   |       -|  -7.30|    70016|  7.002e+05|       547|        -|   128|        no|         -|        -|           -|           -|    -|
    |  o VITIS_LOOP_24_2_VITIS_LOOP_25_3_VITIS_LOOP_27_4  |       -|  -7.30|      528|  5.280e+03|        18|        1|   512|       yes|         -|        -|           -|           -|    -|
    | o VITIS_LOOP_51_1_VITIS_LOOP_54_2                   |      II|  -7.30|     6420|  6.420e+04|        26|        5|  1280|       yes|         -|        -|           -|           -|    -|
    | o VITIS_LOOP_11_1                                   |       -|  -7.30|       11|    110.000|         4|        1|     9|       yes|         -|        -|           -|           -|    -|
    +-----------------------------------------------------+--------+-------+---------+-----------+----------+---------+------+----------+----------+---------+------------+------------+-----+

